// Jest Snapshot v1, https://goo.gl/fbAQLP

exports[`renders regular badge 1`] = `
<view
  name="View"
  style={Object {}}
>
  2
</view>
`;
