// Jest Snapshot v1, https://goo.gl/fbAQLP

exports[`renders custom radio 1`] = `
<view
  name="keyboardAwareScrollView"
  style={Object {}}
>
  <view
    name="View"
  >
    <view
      name="View"
      style={Object {}}
    >
      <view
        name="left"
        style={Object {}}
      >
        <view
          name="View"
          style={Object {}}
        >
          <text
            style={Object {}}
          >
            Lunch Break
          </text>
        </view>
      </view>
      <view
        name="right"
        style={Object {}}
      >
        <view
          name="TouchableOpacity: "
        />
      </view>
    </view>
  </view>
  <view
    name="View"
  >
    <view
      name="View"
      style={Object {}}
    >
      <view
        name="left"
        style={Object {}}
      >
        <view
          name="View"
          style={Object {}}
        >
          <text
            style={Object {}}
          >
            Daily Stand Up
          </text>
        </view>
      </view>
      <view
        name="right"
        style={Object {}}
      >
        <view
          name="TouchableOpacity: "
        />
      </view>
    </view>
  </view>
</view>
`;

exports[`renders default radio 1`] = `
<view
  name="keyboardAwareScrollView"
  style={Object {}}
>
  <view
    name="View"
  >
    <view
      name="View"
      style={Object {}}
    >
      <view
        name="left"
        style={Object {}}
      >
        <view
          name="View"
          style={Object {}}
        >
          <text
            style={Object {}}
          >
            Lunch Break
          </text>
        </view>
      </view>
      <view
        name="right"
        style={Object {}}
      >
        <view
          name="TouchableOpacity: "
        />
      </view>
    </view>
  </view>
  <view
    name="View"
  >
    <view
      name="View"
      style={Object {}}
    >
      <view
        name="left"
        style={Object {}}
      >
        <view
          name="View"
          style={Object {}}
        >
          <text
            style={Object {}}
          >
            Daily Stand Up
          </text>
        </view>
      </view>
      <view
        name="right"
        style={Object {}}
      >
        <view
          name="TouchableOpacity: "
        />
      </view>
    </view>
  </view>
</view>
`;
