// Jest Snapshot v1, https://goo.gl/fbAQLP

exports[`Functions of the Setup render a Setup 1`] = `null`;
