// Jest Snapshot v1, https://goo.gl/fbAQLP

exports[`Functions of the Setup render a Setup 1`] = `
<View
  style={
    Array [
      Object {
        "backgroundColor": "#fff",
        "flex": 1,
        "height": 1334,
      },
      Object {
        "backgroundColor": "#FFF",
      },
    ]
  }
>
  <View
    style={
      Array [
        Object {
          "alignSelf": "flex-start",
          "backgroundColor": "#ED1727",
          "borderRadius": 13.5,
          "height": 27,
          "justifyContent": "center",
          "paddingBottom": 3,
          "paddingLeft": 6,
          "paddingRight": 6,
          "paddingTop": 3,
        },
        Object {
          "marginBottom": 10,
        },
      ]
    }
  >
    <Text
      style={
        Object {
          "color": "#fff",
          "fontFamily": "System",
          "fontSize": 15,
          "lineHeight": 19,
          "paddingLeft": 3,
          "paddingRight": 3,
          "textAlign": "center",
        }
      }
      uppercase={false}
    >
      2
    </Text>
  </View>
  <View
    primary={true}
    style={
      Array [
        Object {
          "alignSelf": "flex-start",
          "backgroundColor": "#1ca0d8",
          "borderRadius": 13.5,
          "height": 27,
          "justifyContent": "center",
          "paddingBottom": 3,
          "paddingLeft": 6,
          "paddingRight": 6,
          "paddingTop": 3,
        },
        Object {
          "marginBottom": 10,
        },
      ]
    }
  >
    <Text
      style={
        Object {
          "color": "#fff",
          "fontFamily": "System",
          "fontSize": 15,
          "lineHeight": 19,
          "paddingLeft": 3,
          "paddingRight": 3,
          "textAlign": "center",
        }
      }
      uppercase={false}
    >
      2
    </Text>
  </View>
  <View
    style={
      Array [
        Object {
          "alignSelf": "flex-start",
          "backgroundColor": "#5cb85c",
          "borderRadius": 13.5,
          "height": 27,
          "justifyContent": "center",
          "paddingBottom": 3,
          "paddingLeft": 6,
          "paddingRight": 6,
          "paddingTop": 3,
        },
        Object {
          "marginBottom": 10,
        },
      ]
    }
    success={true}
  >
    <Text
      style={
        Object {
          "color": "#fff",
          "fontFamily": "System",
          "fontSize": 15,
          "lineHeight": 19,
          "paddingLeft": 3,
          "paddingRight": 3,
          "textAlign": "center",
        }
      }
      uppercase={false}
    >
      2
    </Text>
  </View>
  <View
    info={true}
    style={
      Array [
        Object {
          "alignSelf": "flex-start",
          "backgroundColor": "#62B1F6",
          "borderRadius": 13.5,
          "height": 27,
          "justifyContent": "center",
          "paddingBottom": 3,
          "paddingLeft": 6,
          "paddingRight": 6,
          "paddingTop": 3,
        },
        Object {
          "marginBottom": 10,
        },
      ]
    }
  >
    <Text
      style={
        Object {
          "color": "#fff",
          "fontFamily": "System",
          "fontSize": 15,
          "lineHeight": 19,
          "paddingLeft": 3,
          "paddingRight": 3,
          "textAlign": "center",
        }
      }
      uppercase={false}
    >
      2
    </Text>
  </View>
  <View
    style={
      Array [
        Object {
          "alignSelf": "flex-start",
          "backgroundColor": "#f0ad4e",
          "borderRadius": 13.5,
          "height": 27,
          "justifyContent": "center",
          "paddingBottom": 3,
          "paddingLeft": 6,
          "paddingRight": 6,
          "paddingTop": 3,
        },
        Object {
          "marginBottom": 10,
        },
      ]
    }
    warning={true}
  >
    <Text
      style={
        Object {
          "color": "#fff",
          "fontFamily": "System",
          "fontSize": 15,
          "lineHeight": 19,
          "paddingLeft": 3,
          "paddingRight": 3,
          "textAlign": "center",
        }
      }
      uppercase={false}
    >
      2
    </Text>
  </View>
  <View
    danger={true}
    style={
      Array [
        Object {
          "alignSelf": "flex-start",
          "backgroundColor": "#d9534f",
          "borderRadius": 13.5,
          "height": 27,
          "justifyContent": "center",
          "paddingBottom": 3,
          "paddingLeft": 6,
          "paddingRight": 6,
          "paddingTop": 3,
        },
        Object {
          "marginBottom": 10,
        },
      ]
    }
  >
    <Text
      style={
        Object {
          "color": "#fff",
          "fontFamily": "System",
          "fontSize": 15,
          "lineHeight": 19,
          "paddingLeft": 3,
          "paddingRight": 3,
          "textAlign": "center",
        }
      }
      uppercase={false}
    >
      2
    </Text>
  </View>
  <View
    primary={true}
    style={
      Array [
        Object {
          "alignSelf": "flex-start",
          "backgroundColor": "#1ca0d8",
          "borderRadius": 13.5,
          "height": 27,
          "justifyContent": "center",
          "paddingBottom": 3,
          "paddingLeft": 6,
          "paddingRight": 6,
          "paddingTop": 3,
        },
        Object {
          "marginBottom": 10,
        },
      ]
    }
  />
  <View
    style={
      Array [
        Object {
          "alignSelf": "flex-start",
          "backgroundColor": "#ED1727",
          "borderRadius": 13.5,
          "height": 27,
          "justifyContent": "center",
          "paddingBottom": 3,
          "paddingLeft": 6,
          "paddingRight": 6,
          "paddingTop": 3,
        },
        Object {
          "backgroundColor": "black",
        },
      ]
    }
    textStyle={
      Object {
        "color": "white",
      }
    }
  >
    <Text
      style={
        Object {
          "color": "#fff",
          "fontFamily": "System",
          "fontSize": 15,
          "lineHeight": 19,
          "paddingLeft": 3,
          "paddingRight": 3,
          "textAlign": "center",
        }
      }
      uppercase={false}
    >
      1866
    </Text>
  </View>
</View>
`;
